[    0.000000] Initializing cgroup subsys cpuset
[    0.000000] Initializing cgroup subsys cpu
[    0.00000] Initializing cgroup subsys cpuact
[    0.000000] Linux version 4.4.0-134-generic (buildd@lgw01-amd64-033) (gcc version 5.4.0 20160609 (Ubuntu 5.4.0-6ubuntu1~16.04.10) ) #160-buntu SMP Wed Aug 15 14:58:00 UTC 2018 (Ubuntu 4.4.0-134.1660-generic 4.4.140)
[    0.000000] Command line: BOOT_IMAGE=/boot/vmlinuz-4.4.0-134-generic root=LABEL=cloudimg-rootfs ro console=tty1 console=ttyS0
[    0.000000] KERNEL supported cpus:
[    0.000000]   Intel GenuineIntel
[    0.000000]   AMD AuthentiMD
[    0.000000]   Centaur CentaurHauls
[    0.000000] x86/fpu: xstate_offset[2]:  576, xstte_sizes[2]:  256
[    0.000000] x86/fpu: Supporting XSAVE feature 0x01: 'x87 floating point registers'
[    0.000000] x86/fpu: Supporting XSAVE feature 0x02: 'SSE registers'
[    0.000000] x86/fpu: Supporting XSAVE feature 0x04: 'AVX registers'
[    0.000000] x86/fpu: Enabled xstate features 0x7, context size is 832 bytes, using 'standard' format.
[    0.000000] e820: BIOS-provided physical RAM map:
[    0.000000] BIOS-e820: em 0x000000000000000-0x000000000009fbff] usable
[    0.000000] BIOS-e820: [mem 0x000000000009fc00-0x000000000009ffff] reserved
[    0.0000000] BIOS-e820: [mem 0x00000000000f0000-0x00000000000fffff] reserved
[    0.000000] BIOS-e820: [mem 0x0000000000100000-0x000000007ffeffff] usable
[    0.0000] BIOS-e820: [mem 0x000000007fff0000-0x000000007fffffff] ACPI data
[    0.000000] BIOS-e820: [mem 0x00000000fec00000-0x00000000fec00fff] reserved
[    0.00000] BIOS-e820: [mem 0x00000000fee00000-0x00000000fee00fff] reserved
[    0.000000] BIOS-e820: [mem 0x00000000fffc0000-0x00000000ffffffff] reserved
[    0.000000] NX (Execute Disable) protection: active
[    0.000000] SMBIOS 2.5 present.
[    0.000000] Hypervisor detected: KVM
[    0.000000] e820: last_pfn = 0x7fff0 max_arch_pfn = 0x400000000
[    0.000000] MTRR: Disabled
[    0.000000] x86/PAT: MTRRs disabled, skipping PAT initialization too.
[    0.000000] CPU MTRRs all blank - virtualized system.
[    0.000000] x86/PAT: Configuration [0-7]: WB  WT  UC- UC  WB  WT  UC- UC  
[    0.000000] found SMP MP-table at [mem 0x0009fff0-0x0009ffff] mapped at [ffff88000009fff0]
[    0.000000] Scanning 1 areas for low memory corruption
[    0.000000] RAMDISK: [mem 0x3630c000-0x3717dfff]
[    0.000000] ACPI: Early table checksum verification disabled
[    0.000000] ACPI: RSDP 0x00000000000E0000 000024 (v02 VBOX  )
[    0.000000] ACPI: XSDT 0x000000007FFF0030 00003C (v01 VBOX   VBOXXSDT 00000001 ASL  00000061)
[    0.000000] ACPI: FACP 0x000000007FFF00F0 0000F4 (v04 VBOX   VBOXFACP 00000001 ASL  00000061)
[    0.000000] ACPI: DSDT 0x000000007FFF0470 0021FF (v02 VBOX   VBOXBIOS 00000002 INTL 20100528)
[    0.000000] ACPI: FACS 0x000000007FFF0200 000040
[  0.000000] ACPI: FACS 0x000000007FFF0200 000040
[    0.000000] ACPI: APIC 0x000000007FFF0240 00005C (v02 VBOX   VBOXAPIC 00000001 ASL  00000061)
[    0.000000] ACPI: SSDT 0x000000007FFF02A0 0001CC (v01 VBOX   VBOXCPUT 00000002 INTL 20100528)
[    0.000000] No NUMA configuration found
[    0.000000] Faking a node at [mem 0x0000000000000000-0x000000007ffeffff]
[    0.000000] NODE_DATA(0) allocated [mem 0x7ffeb000-0x7ffeffff]
[    0.000000] kvm-clock: Using msrs 4b564d01 and 4b564d00
[    0.000000] kvm-clock: cpu 0, msr 0:7ffe3001, primary cpu clock
[    0.000000] kvm-clock: using sched offset of 6423927800 cycles
[    0.000000] clocksource: kvm-clock: mask: 0xffffffffffffffff max_cycles: 0x1cd42e4dffb, max_idle_ns: 881590591483 ns
[    000000] Zone ranges:
[    0.000000]   DMA      [mem 0x0000000000001000-0x0000000000ffffff]
[    0.000000]   DMA32    [mem 0x0000000001000000-0x000000007ffeffff]
[    0.000000]   Normal   empty
[    0.000000]   Device   empty
[    0.000000] Movable zone start for each node
[    0.000000] Early memory nde ranges
[    0.000000]   node   0: [mem 0x0000000000001000-0x000000000009efff]
[    0.000000]   node    [mem 0x0000000000100000-0x000000007ffeffff]
[    0.000000] Initmem setup node 0 [mem 0x0000000000001000-0x000000007ffeffff]
[    0.000000] ACPI: PM-Timer IO Port: 0x4008
[    0.000000] IOAPIC[0]: apic_id 2, version 32, address 0xfec00000, GSI 0-23
[    0.000000] ACPI: INT_SRC_OVR (bus 0 bus_ir 0 gloobal_irq 2 dfl dfl)
[    0.000000] ACPI: INT_SRC_OVR (bus 0 bus_irq 9 global_irq 9 low level)
[    0.000000] Using ACPI (MADT) for SMP configuration information
[    0.000000] smpboot: Allowing 2 CPUs, 0 hotplug CPUs
[    0.000000] PM: Registered nosave memory: [mem 0x00000000-0x00000fff]
[    0.000000] PM: Registered nosave memory: [mem 0x0009f000-0x0009ffff]
[    0.000000] PM: Registered nosave memory: [mem 0x000a0000-0x000effff]
[    0.000000] PM: Registered nosave memory: [mem 0x000f0000-0x000fffff]
[    0.000000] e820: [mem 0x800000-0xfebfffff] available for PCI devices
[    0.000000]Booting paravirtualized kernel on KVM
[    0.000000] clocksource: refined-jiffies: mask: 0xffffffff max_cycles: 0xffffffff, max_idle_ns: 7645519600211568 ns
[    0.000000] setup_percpu: NR_CPUS:512 nr_cpumask_bits:512 nr_cpu_ids:2 nr_node_ids:1
[    0.000000] PERCPU: Embedded 34 pages/cpu @ffff88007fc00000 s99544 r8192 d31528 u1048576
[    0.000000] PV qspinlock hash table entries: 256 (order: 0, 4096 bytes)
[    0.000000] Built 1 zonelists in Node order, mobility grouping on.  Total pages: 515960
[    0.000000] Policy zone: DMA32
[    0.000000] Kernel command line: BOOT_IMAGE=/boot/vmlinuz-4.4.0-134-generic root=LABEL=cloudimg-rootfs ro console=tty1 console=ttyS0
[    0.000000] PID hash table entries: 4096 (order: 3, 32768 bytes)
[    0.000000] Memory: 2029916K/2096696K available (8554K kernel code, 1314K rwdata, 4004K rodata, 1516K init, 1316K bss, 66780K reserved, 0K cma-reserved)
[    0.00000] SLUB: HWalign=64, Order=0-3, MinObjects=0, CPUs=2, Nodes=1
[    0.000000] Kernel/User page tables isolation: enabled
[    0.000000] Hierarchical RCU implementation.
[    0.000000] 	Build-time adjustment of leaf fanout to 64.
[    0.000000] 	RCU restricting CPUs from NR_CPUS=512 to nr_cpu_ids=2.
[    0.000000] RCU: Adjusting geometry for rcu_fanout_leaf=64, nr_cpu_ids=2
[    0.000000] NR_IRQS:33024 nr_irqs:440 16
[    0.000000] Console: colour VGA+ 80x25
[    0.000000] console [tty1] enabled
[    0.000000] console [ttyS0] enbled
[    0.000000] tsc: Detectedd 2711.998 MHz processor
[    0.616431] Calibrating delay loop (skipped) preset value.. 5423.99 BogoMIPS (lpj=10847992)
[    0.618460] pid_max: default: 32768 minimum: 301
[    0.619533] ACPI: Core revision 20150930
[    0.621625] ACPI: 2 ACPI AML tables successfully acquired and loaded
[    0.629009] Security Framework initialized
[    0.630344] Yama: becoming mindful.
[    0.631345] AppArmor: AppArmor initialized
[    0.635766] Dentry cache hash table entries: 262144 (order: 9, 2097152 bytes)
[    0.638133] Inode-cache hash table entries: 131072 (order: 8, 1048576 bytes)
[    0.642825] Mount-cache hash table entries: 4096 (order: 3, 32768 bytes)
[    0.644180] Mountpoint-cache hash table entries: 4096 (order: 3, 32768 bytes)
[    0.645794] Initializing cgroup subsys io
[    0.655373] Initializing cgroup subsys memory
[    0.665328] Initializing cgroup subsys devices
[    0.666409] Initializing cgroup subsys freezer
[    0.667453] Initializing cgroup subsys net_cls
[    0.668488] Initializing cgroup subsys perf_event
[    0.669558] Initializing cgroup subsys net_prio
[    0.670569] Initializing cgroup subsys hugetlb
[    0.671562] Initializing cgroup subsys pids
[    0.673721] mce: CPU supports 0 MCE banks
[    0.674629] Last level iTLB entries: 4KB 64, 2MB 8, 4MB 8
[    0.675784] Last level dTLB entries: 4KB 64, 2MB 0, 4MB 0, 1GB 4
[    0.677164] Spectre V2 : Mitigation: Full generic retpoline
[    0.678306] Spectre V2 : Speculation control IBPB not-supported IBRS not-supported
[    0.679825] Spectre V2 : Filling RSB on context switch
[    0.681896] Speculative Store Bypass: Vulnerable
[    0.685832] Freeing SMP alternatives memory: 32K
[    0.696174] ftrace: allocating 32266 entries in 127 pages
[    0.774921] smpboot: APIC(0) Converting physical 0 to logical package 0
[    0.778317] smpboot: Max logical packages: 1
[    0.779667] x2apic enabled
[    0.780664] Switched APIC routing to physical x2apic.
[    0.790402] ..TIMER: vector=0x30 apic1=0 pin1=2 apic2=-1 pin2=-1
[    0.900142] smpboot: CPU0: Intel(R) Core(TM) i5-7200U CPU @ 2.50GHz (family: 0x6, model: 0x8e, stepping: 0x9)
[    0.902541] Performance Events: unsupported p6 CPU model 142 no PMU driver, software events only.
[    0.904612] KVM setup paravirtual spinlock
[    0.909377] x86: Booting SMP configuration:
[    0.910344] .... node  #0, CPUs:      #1
[    0.911362] kvm-clock: cpu 1, msr 0:7ffe3041, secondary cpu clock
[    0.919545] mce: CPU supports 0 MCE banks
[    0.922166] x86: Booted up 1 node, 2 CPUs
[    0.923655] smpboot: Total of 2 processors activated (10847.99 BogoMIPS)
[    0.932578] devtmpfs: initialized
[    0.934872] evm: security.selinux
[    0.935703] evm: security.SMACK64
[    0.936656] evm: security.SMACK64EXEC
[    0.937624] evm: security.SMACK64TRANSMUTE
[    0.945124] evm: security.SMACK64MMAP
[    0.947549] evm: security.ima
[    0.948400] evm: security.capability
[    0.949467] clocksource: jiffies: mask: 0xffffffff max_cycles: 0xffffffff, max_idle_ns: 7645041785100000 ns
[    0.951481] futex hash table entries: 512 (order: 3, 32768 bytes)
[    0.952894] pinctrl core: initialized pinctrl subsystem
[    0.954167] RTC time: 13:44:25, date: 09/08/18
[    0.955427] NET: Registered protocol family 16
[    0.967795] cpuidle: using governor ladder
[    0.979821] cpuidle: using governor menu
[    0.981023] PCCT header not found.
[    0.987640] ACPI: bus type PCI registered
[    0.988660] acpiphp: ACPI Hot Plug PCI Controller Driver version: 0.5
[    0.997394] PCI: Using configuration type 1 for base access
[    1.008617] ACPI: Added _OSI(Module Device)
[    1.009636] ACPI: Added _OSI(Processor Device)
[    1.010634] ACPI: Added _OSI(3.0 _SCP Extensions)
[    1.011733] ACPI: Added _OSI(Processor Aggregator Device)
[    1.019678] ACPI: Executed 1 blocks of module-level executable AML code
[    1.023673] ACPI: Interpreter enabled
[    1.036463] ACPI: (supports S0 S5)
[    1.037277] ACPI: Using IOAPIC for interrupt routing
[    1.038621] PCI: Using host bridge windows from ACPI; if necessary, use "pci=nocrs" and report a bug
[    1.045147] ACPI: PCI Root Bridge [PCI0] (domain 0000 [bus 00-ff])
[    1.046475] acpi PNP0A03:00: _OSC: OS supports [ASPM ClockPM Segments MSI]
[    1.054194] acpi PNP0A03:00: _OSC: not requesting OS control; OS requires [ExtendedConfig ASPM ClockPM MSI]
[    1.061881] acpi PNP0A03:00: fail to add MMCONFIG information, can't access extended PCI configuration space under this bridge.
[    1.071208] PCI host bridge to bus 0000:00
[    1.072154] pci_bus 0000:00: root bus resource [io  0x0000-0x0cf7 window]
[    1.073550] pci_bus 0000:00: root bus resource [io  0x0d00-0xffff window]
[    1.074989] pci_bus 0000:00: root bus resource [mem 0x000a0000-0x000bffff window]
[    1.091110] pci_bus 0000:00: root bus resource [mem 0x80000000-0xfdffffff window]
[    1.092892] pci_bus 0000:00: root bus resource [bus 00-ff]
[    1.098231] pci 0000:00:01.1: legacy IDE quirk: reg 0x10: [io  0x01f0-0x01f7]
[    1.099763] pci 0000:00:01.1: legacy IDE quirk: reg 0x14: [io  0x03f6]
[    1.101282] pci 0000:00:01.1: legacy IDE quirk: reg 0x18: [io  0x0170-0x0177]
[    1.102687] pci 0000:00:01.1: legacy IDE quirk: reg 0x1c: [io  0x0376]
[    1.134464] pci 0000:00:07.0: quirk: [io  0x4000-0x403f] claimed by PIIX4 ACPI
[    1.155103] pci 0000:00:07.0: quirk: [io  0x4100-0x410f] claimed by PIIX4 SMB
[    1.166434] ACPI: PCI Interrupt Link [LNKA] (IRQs 5 9 10 *11)
[    1.168378] ACPI: PCI Interrupt Link [LNKB] (IRQs 5 9 *10 11)
[    1.178409] ACPI: PCI Interrupt Link [LNKC] (IRQs 5 *9 10 11)
[    1.180776] ACPI: PCI Interrupt Link [LNKD] (IRQs 5 9 10 *11)
[    1.184075] ACPI: Enabled 2 GPEs in block 00 to 07
[    1.185632] vgaarb: setting as boot device: PCI:0000:00:02.0
[    1.192963] vgaarb: device added: PCI:0000:00:02.0,decodes=io+mem,owns=io+mem,locks=none
[    1.194830] vgaarb: loaded
[    1.195576] vgaarb: bridge control possible 0000:00:02.0
[    1.198258] SCSI subsystem initialized
[    1.207079] ACPI: bus type USB registered
[    1.208068] usbcore: registered new interface driver usbfs
[    1.209241] usbcore: registered new interface driver hub
[    1.210417] usbcore: registered new device driver usb
[    1.211814] PCI: Using ACPI for IRQ routing
[    1.213384] NetLabel: Initializing
[    1.214509] NetLabel:  domain hash size = 128
[    1.215528] NetLabel:  protocols = UNLABELED CIPSOv4
[    1.216742] NetLabel:  unlabeled traffic allowed by default
[    1.218099] amd_nb: Cannot enumerate AMD northbridges
[    1.225397] clocksource: Switched to clocksource kvm-clock
[    1.239602] AppArmor: AppArmor Filesystem Enabled
[    1.240952] pnp: PnP ACPI init
[    1.242754] pnp: PnP ACPI: found 3 devices
[    1.263677] clocksource: acpi_pm: mask: 0xffffff max_cycles: 0xffff, max_idle_ns: 2085701024 ns
[    1.322015] NET: Registered protocol family 2

[    1.323894] TCP established hash table entries: 16384 (order: 5, 131072 bytes)
[    1.327800] TCP bind hash table entries: 16384 (order: 6, 262144 bytes)
[    1.329603] TCP: Hash tables configured (established 16384 bind 16384)
[    1.338595] UDP hash table entries: 1024 (order: 3, 32768 bytes)
[    1.339862] UDP-Lite hash table entries: 1024 (order: 3, 32768 bytes)
[    1.341362] NET: Registered protocol family 1
[    1.344165] pci 0000:00:00.0: Limiting direct PCI/PCI transfers
[    1.347148] pci 0000:00:01.0: Activatig ISA DMA hang workarounds
[    1.375448] Unpaking initramfs...

[    1.732452] Freeing initrd memory: 14792K
[    1.733623] platform rtc_cmos: registered platform RTC device (no PNP device found)
[    1.736767] Scanning for low memory corruption every 60 seconds
[    1.738493] audit: initializing netlink subsys (disabled)
[    1.739777] audit: type=2000 audit(1536414273.312:1): initialized
[    1.741305] Initialise system trusted keyring
[    1.742520] HugeTLB registered 2 MB page size, pre-allocated 0 pages
[    1.745526] zbud: loaded
[    1.752350] VFS: Disk quotas dquot_6.6.0
[    1.753429] VFS: Dquot-cache hash table entries: 512 (order 0, 4096 bytes)
[    1.755291] squashfs: version 4.0 (2009/01/31) Phillip Lougher
[    1.759101] fuse init (API version 7.23)
[    1.760449] Key type big_key registered
[    1.761436] Allocating IMA MOK and blacklist keyrings.
[    1.775983] Key type asymmetric registered
[    1.776984] Asymmetric key parser 'x509' registered
[    1.779093] Block layer SCSI generic (bsg) driver version 0.4 loaded (major 249)
[    1.788683] io scheduler noop registered
[    1.789656] io scheduler deadline registered (default)
[    1.790986] io scheduler cfq registered
[    1.792003] pci_hotplug: PCI Hot Plug PCI Core version: 0.5
[    1.793264] pciehp: PCI Express Hot Plug Controller Driver version: 0.4
[    1.801598] ACPI: AC Adapter [AC] (on-line)
[    1.808555] input: Power Button as /devices/LNXSYSTM:00/LNXPWRBN:00/input/input0
[    1.817723] ACPI: Power Button [PWRF]
[    1.818746] input: Sleep Button as /devices/LNXSYSTM:00/LNXSLPBN:00/input/input1
[    1.820462] ACPI: Sleep Button [SLPF]
[    1.821785] GHES: HEST is not enabled!
[    1.822562] ACPI: Battery Slot [BAT0] (battery present)
[    1.824139] Serial: 8250/16550 driver, 32 ports, IRQ sharing enabled
[    1.849003] 00:02: ttyS0 at I/O 0x3f8 (irq = 4, base_baud = 115200) is a 16550A
[    1.854769] Linux agpgart interface v0.103
[    1.876135] loop: module loaded
[    1.877763] scsi host0: ata_piix
[    1.878876] scsi host1: ata_piix
[    1.881627] ata1: PATA max UDMA/33 cmd 0x1f0 ctl 0x3f6 bmdma 0xd000 irq 14
[    1.886939] ata2: PATA max UDMA/33 cmd 0x170 ctl 0x376 bmdma 0xd008 irq 15
[    1.889111] libphy: Fixed MDIO Bus: probed
[    1.890120] tun: Universal TUN/TAP device driver, 1.6
[    1.897471] tun: (C) 1999-2004 Max Krasnyansky <maxk@qualcomm.com>
[    1.899063] PPP generic driver version 2.4.2
[    1.900214] ehci_hcd: USB 2.0 'Enhanced' Host Controller (EHCI) Driver
[    1.901562] ehci-pci: EHCI PCI platform driver
[    1.904668] ehci-platform: EHCI generic platform driver
[    1.905883] ohci_hcd: USB 1.1 'Open' Host Controller (OHCI) Driver
[    1.918580] ohci-pci: OHCI PCI platform driver
[    1.919659] ohci-platform: OHCI generic platform driver
[    1.920927] uhci_hcd: USB Universal Host Controller Interface driver
[    1.927928] i8042: PNP: PS/2 Controller [PNP0303:PS2K,PNP0f03:PS2M] at 0x60,0x64 irq 1,12
[    1.936401] serio: i8042 KBD port at 0x60,0x64 irq 1
[    1.937561] serio: i8042 AUX port at 0x60,0x64 irq 12
[    1.939155] mousedev: PS/2 mouse device common for all mice
[    1.940947] input: AT Translated Set 2 keyboard as /devices/platform/i8042/serio0/input/input2
[    1.943411] rtc_cmos rtc_cmos: rtc core: registered rtc_cmos as rtc0
[    1.944846] rtc_cmos rtc_cmos: alarms up to one day, 114 bytes nvram
[    1.946262] i2c /dev entries driver
[    1.947642] device-mapper: uevent: version 1.0.3
[    1.948867] device-mapper: ioctl: 4.34.0-ioctl (2015-10-28) initialised: dm-devel@redhat.com
[    1.950809] ledtrig-cpu: registered to indicate activity on CPUs
[    1.952660] NET: Registered protocol family 10
[    1.955090] NET: Registered protocol family 17
[    1.956171] Key type dns_resolver registered
[    1.957870] registered taskstats version 1
[    1.958933] Loading compiled-in X.509 certificates
[    1.960698] Loaded X.509 cert 'Build time autogenerated kernel key: 4eb3d024ac16f76c1747ffd474694c84db21038b'
[    1.968888] zswap: loaded using pool lzo/zbud
[    1.972098] Key type trusted registered
[    1.977523] Key type encrypted registered
[    1.978486] AppArmor: AppArmor sha1 policy hashing enabled
[    1.985434] ima: No TPM chip found, activating TPM-bypass!
[    1.986693] ima: Allocated hash algorithm: sha1
[    1.987685] evm: HMAC attrs: 0x1
[    1.989261]   Magic number: 2:681:735
[    1.990496] rtc_cmos rtc_cmos: setting system clock to 2018-09-08 13:44:26 UTC (1536414266)
[    1.998370] BIOS EDD facility v0.16 2004-Jun-25, 0 devices found
[    1.999609] EDD information not available.
[    2.047072] Freeing unused kernel memory: 1516K
[    2.048136] Write protecting the kernel read-only data: 14336k
[    2.049846] Freeing unused kernel memory: 1672K
[    2.051309] Freeing unused kernel memory: 92K
Loading, please wait...
starting version 229
[    2.067977] random: systemd-udevd: uninitialized urandom read (16 bytes read, 3 bits of entropy available)
[    2.068897] random: udevadm: uninitialized urandom read (16 bytes read, 3 bits of entropy available)
[    2.068918] random: udevadm: uninitialized urandom read (16 bytes read, 3 bits of entropy available)
[    2.078834] random: udevadm: uninitialized urandom read (16 bytes read, 3 bits of entropy available)
[    2.078883] random: udevadm: uninitialized urandom read (16 bytes read, 3 bits of entropy available)
[    2.079041] random: udevadm: uninitialized urandom read (16 bytes read, 3 bits of entropy available)
[    2.079101] random: udevadm: uninitialized urandom read (16 bytes read, 3 bits of entropy available)
[    2.079199] random: udevadm: uninitialized urandom read (16 bytes read, 3 bits of entropy available)
[    2.079253] random: udevadm: uninitialized urandom read (16 bytes read, 3 bits of entropy available)
[    2.079304] random: udevadm: uninitialized urandom read (16 bytes read, 3 bits of entropy available)
[    2.202295] e1000: Intel(R) PRO/1000 Network Driver - version 7.3.21-k8-NAPI
[    2.245312] e1000: Copyright (c) 1999-2006 Intel Corporation.
[    2.245734] Fusion MPT base driver 3.04.20
[    2.245734] Copyright (c) 1999-2008 LSI Corporation
[    2.295652] Fusion MPT SPI Host driver 3.04.20
[    2.343050] AVX2 version of gcm_enc/dec engaged.
[    2.345704] AES CTR mode by8 optimization enabled
[    2.514798] input: ImExPS/2 Generic Explorer Mouse as /devices/platform/i8042/serio1/input/input4
[    2.733450] tsc: Refined TSC clocksource calibration: 2713.619 MHz
[    2.734842] clocksource: tsc: mask: 0xffffffffffffffff max_cycles: 0x271d8004ec3, max_idle_ns: 440795314710 ns
[    2.766837] e1000 0000:00:03.0 eth0: (PCI:33MHz:32-bit) 02:1d:76:b3:3c:fe
[    2.768271] e1000 0000:00:03.0 eth0: Intel(R) PRO/1000 Network Connection
[    2.770490] mptbase: ioc0: Initiating bringup
[    2.770758] e1000 0000:00:03.0 enp0s3: renamed from eth0
[    2.848445] ioc0: LSI53C1030 A0: Capabilities={Initiator}
[    3.461098] scsi host2: ioc0: LSI53C1030 A0, FwRev=00000000h, Ports=1, MaxQ=256, IRQ=20
[    3.675283] scsi 2:0:0:0: Direct-Access     VBOX     HARDDISK         1.0  PQ: 0 ANSI: 5
[    3.679074] scsi target2:0:0: Beginning Domain Validation
[    3.681310] scsi target2:0:0: Domain Validation skipping write tests
[    3.682779] scsi target2:0:0: Ending Domain Validation
[    3.684007] scsi target2:0:0: asynchronous
[    3.691391] scsi 2:0:1:0: Direct-Access     VBOX     HARDDISK         1.0  PQ: 0 ANSI: 5
[    3.693291] scsi target2:0:1: Beginning Domain Validation
[    3.746738] scsi target2:0:1: Domain Validation skipping write tests
[    3.748144] scsi target2:0:1: Ending Domain Validation
[    3.760491] scsi target2:0:1: asynchronous
[    3.767406] sd 2:0:0:0: Attached scsi generic sg0 type 0
[    3.775206] sd 2:0:1:0: Attached scsi generic sg1 type 0
[    3.775421] sd 2:0:0:0: [sda] 20971520 512-byte logical blocks: (10.7 GB/10.0 GiB)
[    3.790927] sd 2:0:1:0: [sdb] 20480 512-byte logical blocks: (10.5 MB/10.0 MiB)
[    3.793165] sd 2:0:0:0: [sda] Write Protect is off
[    3.796988] sd 2:0:1:0: [sdb] Write Protect is off
[    3.797585] sd 2:0:0:0: [sda] Incomplete mode parameter data
[    3.797587] sd 2:0:0:0: [sda] Assuming drive cache: write through
[    3.807667] sd 2:0:1:0: [sdb] Incomplete mode parameter data
[    3.809159] sd 2:0:1:0: [sdb] Assuming drive cache: write through
[    3.823086]  sda: sda1
[    3.824699] sd 2:0:0:0: [sda] Attached SCSI disk
[    3.850747] sd 2:0:1:0: [sdb] Attached SCSI disk
Begin: Loading essential drivers[    5.397415] md: linear personality registered for level -1
 ... [    5.411289] md: multipath personality registered for level -4
[    5.415223] md: raid0 personality registered for level 0
[    5.419696] md: raid1 personality registered for level 1
[    5.497610] raid6: sse2x1   gen()  6107 MB/s
[    5.565782] raid6: sse2x1   xor()  4755 MB/s
[    5.633460] raid6: sse2x2   gen()  7689 MB/s
[    5.701657] raid6: sse2x2   xor()  5947 MB/s
[    5.769799] raid6: sse2x4   gen()  9762 MB/s
[    5.837562] raid6: sse2x4   xor()  5596 MB/s
[    5.905713] raid6: avx2x1   gen() 12291 MB/s
[    5.973457] raid6: avx2x2   gen() 12426 MB/s
[    6.041680] raid6: avx2x4   gen() 16294 MB/s
[    6.042749] raid6: using algorithm avx2x4 gen() 16294 MB/s
[    6.044030] raid6: using avx2x2 recovery algorithm
[    6.048114] xor: automatically using best checksumming function:
[    6.085729]    avx       : 19023.000 MB/sec
[    6.089109] async_tx: api initialized (async)
[    6.099418] md: raid6 personality registered for level 6
[    6.100673] md: raid5 personality registered for level 5
[    6.101873] md: raid4 personality registered for level 4
[    6.109738] md: raid10 personality registered for level 10
done.
Begin: Running /scripts/init-premount ... done.
Begin: Mounting root file system ... Begin: Running /scripts/local-top ... done.
Begin: Running /scripts/local-premount ... [    6.147518] Btrfs loaded
Scanning for Btrfs filesystems
done.
Warning: fsck not present, so skipping root file system
[    6.348788] EXT4-fs (sda1): mounted filesystem with ordered data mode. Opts: (null)
done.
Begin: Running /scripts/local-bottom ... done.
Begin: Running /scripts/init-bottom ... done.
[    6.930068] random: nonblocking pool is initialized
[    7.469070] systemd[1]: systemd 229 running in system mode. (+PAM +AUDIT +SELINUX +IMA +APPARMOR +SMACK +SYSVINIT +UTMP +LIBCRYPTSETUP +GCRYPT +GNUTLS +ACL +XZ -LZ4 +SECCOMP +BLKID +ELFUTILS +KMOD -IDN)
[    7.473000] systemd[1]: Detected virtualization oracle.
[    7.474302] systemd[1]: Detected architecture x86-64.

Welcome to [1mUbuntu 16.04.5 LTS[0m!

[    7.530704] systemd[1]: Set hostname to <ubuntu>.
[    7.592161] systemd[1]: Initializing machine ID from random generator.
[    7.593579] systemd[1]: Installed transient /etc/machine-id file.
[    8.650689] systemd[1]: Reached target Encrypted Volumes.
[[0;32m  OK  [0m] Reached target Encrypted Volumes.
[    8.653287] systemd[1]: Listening on Journal Audit Socket.
[[0;32m  OK  [0m] Listening on Journal Audit Socket.
[    8.656065] systemd[1]: Created slice System Slice.
[[0;32m  OK  [0m] Created slice System Slice.
[    8.658317] systemd[1]: Listening on Syslog Socket.
[[0;32m  OK  [0m] Listening on Syslog Socket.
[    8.665217] systemd[1]: Started Trigger resolvconf update for networkd DNS.
[[0;32m  OK  [0m] Started Trigger resolvconf update for networkd DNS.
[    8.693044] systemd[1]: Reached target Swap.
[[0;32m  OK  [0m] Reached target Swap.
[    8.719214] systemd[1]: Set up automount Arbitrary Executable File Formats File System Automount Point.
[[0;32m  OK  [0m] Set up automount Arbitrary Executab...ats File System Automount Point.
[    8.722948] systemd[1]: Reached target User and Group Name Lookups.
[[0;32m  OK  [0m] Reached target User and Group Name Lookups.
[    8.725601] systemd[1]: Listening on udev Kernel Socket.
[[0;32m  OK  [0m] Listening on udev Kernel Socket.
[    8.741993] systemd[1]: Listening on Device-mapper event daemon FIFOs.
[[0;32m  OK  [0m] Listening on Device-mapper event daemon FIFOs.
[    8.746282] systemd[1]: Listening on Journal Socket (/dev/log).
[[0;32m  OK  [0m] Listening on Journal Socket (/dev/log).
[    8.748992] systemd[1]: Listening on LVM2 metadata daemon socket.
[[0;32m  OK  [0m] Listening on LVM2 metadata daemon socket.
[    8.797665] systemd[1]: Listening on udev Control Socket.
[[0;32m  OK  [0m] Listening on udev Control Socket.
[    8.800146] systemd[1]: Listening on Journal Socket.
[[0;32m  OK  [0m] Listening on Journal Socket.
[    8.813530] systemd[1]: Mounting POSIX Message Queue File System...
         Mounting POSIX Message Queue File System...
[    8.917847] systemd[1]: Mounting Debug File System...
         Mounting Debug File System...
[    8.926998] systemd[1]: Mounting Huge Pages File System...
         Mounting Huge Pages File System...
[    8.969571] systemd[1]: Starting Remount Root and Kernel File Systems...
         Starting Remount Root and Kernel File Systems...
[    8.979859] systemd[1]: Starting Journal Service...
         Starting Journal Service...
[    8.982881] systemd[1]: Starting Nameserver information manager...
         Starting Nameserver information manager...
[    8.986644] systemd[1]: Started Forward Password Requests to Wall Directory Watch.
[[0;32m  OK  [0m] Started Forward Password Requests to Wall Di[    8.992685] EXT4-fs (sda1): re-mounted. Opts: (null)
rectory Watch.
[    9.004077] systemd[1]: Starting Create list of required static device nodes for the current kernel...
         Starting Create list of required st... nodes for the current kernel...
[    9.008554] systemd[1]: Created slice system-serial\x2dgetty.slice.
[[0;32m  OK  [0m] Created slice system-serial\x2dgetty.slice.
[    9.018618] systemd[1]: Listening on /dev/initctl Compatibility Named Pipe.
[[0;32m  OK  [0m] Listening on /dev/initctl Compatibility Named Pipe.
[    9.052535] systemd[1]: Listening on LVM2 poll daemon socket.
[[0;32m  OK  [0m] Listening on LVM2 poll daemon socket.
[    9.097832] systemd[1]: Starting Uncomplicated firewall...
         Starting Uncomplicated firewall...
[    9.133582] systemd[1]: Starting Monitoring of LVM2 mirrors, snapshots etc. using dmeventd or progress polling...
         Starting Monitoring of LVM2 mirrors... dmeventd or progress polling...
[    9.144560] systemd[1]: Starting Set console keymap...
         Starting Set console keymap...
[    9.257770] systemd[1]: Starting Load Kernel Modules...
         Starting Load Kernel Modules...
[    9.291050] systemd[1]: Reached target System Time Synchronized.
[[0;32m  OK  [0m] Reached target System Time Synchronized.
[    9.293909] systemd[1]: Created slice User and Session Slice.
[[0;32m  OK  [0m] Created slice User and Session Slice.
[    9.299048] systemd[1]: Reached target Slices.
[[0;32m  OK  [0m] Reached target Slices.
[    9.314855] systemd[1]: Mounted Debug File System.
[[0;32m  OK  [0m] Mounted Debug File System.
[    9.324116] systemd[1]: Mounted Huge Pages File System.
[[0;32m  OK  [0m] Mounted Huge Pages File System.
[    9.350362] systemd[1]: Mounted POSIX Message Queue File System.
[[0;32m  OK  [0m] Mounted POSIX Message Queue File System.
[    9.371582] systemd[1]: Started Journal Service.
[[0;32m  OK  [0m] Started Journal Service.
[[0;32m  OK  [0[    9.396387] Loading iSCSI transport class v2.0-870.
m] Started Remount Root and Kernel File Systems.
[[0;32m  OK  [0m] Started Create list of required sta...ce nodes for the current kernel.
[[0;32m  OK  [0m] Started Uncomplicated firewall.[    9.438229] iscsi: registered transport (tcp)

[[0;32m  OK  [0m] Started Set console keymap.
[[0;32m  OK  [0m] Started Nameserver information manager.
[[0;32m  OK  [0m] Started LVM2 metadata daemon.
         Starting Create Static Device Nodes in /dev...
         Starting Load/Save Random Seed...
[    9.614188] iscsi: registered transport (iser)
         Starting udev Coldplug all Devices...
         Starting Flush Journal to Persistent Storage...
[[0;32m  OK  [0m] Started Load Kernel Modules.
         Starting Apply Kernel Variables...
         Mounting FUSE Control File System...
[[0;32m  OK  [0m] Mounted FUSE Control File System.
[[0;32m  OK  [0m] Started Load/Save Random Seed.
[    9.748751] systemd-journald[379]: Received request to flush runtime journal from PID 1
[[0;32m  OK  [0m] Started udev Coldplug all Devices.
[[0;32m  OK  [0m] Started Monitoring of LVM2 mirrors,...ng dmeventd or progress polling.
[[0;32m  OK  [0m] Started Flush Journal to Persistent Storage.
[[0;32m  OK  [0m] Started Apply Kernel Variables.
[[0;32m  OK  [0m] Started Create Static Device Nodes in /dev.
         Starting udev Kernel Device Manager...
[[0;32m  OK  [0m] Started udev Kernel Device Manager.
[[0;32m  OK  [0m] Reached target Local File Systems (Pre).
[[0;32m  OK  [0m] Reached target Local File Systems.
         Starting Set console font and keymap...
         Starting Commit a transient machine-id on disk...
         Starting Initial cloud-init job (pre-networking)...
         Starting LSB: AppArmor initialization...
         Starting Tell Plymouth To Write Out Runtime Data...
         Starting Create Volatile Files and Directories...
[[0;32m  OK  [0m] Started Dispatch Password Requests to Console Directory Watch.
[[0;32m  OK  [0m] Started Commit a transient machine-id on disk.
[[0;32m  OK  [0m] Started Tell Plymouth To Write Out Runtime Data.
[[0;32m  OK  [0m] Found device /dev/ttyS0.
[[0;32m  OK  [0m] Started Create Volatile Files and Directories.
         Starting Update UTMP about System Boot/Shutdown...
[[0;32m  OK  [0m] Listening on Load/Save RF Kill Switch Status /dev/rfkill Watch.
[[0;32m  OK  [0m] Started Update UTMP about System Boot/Shutdown.
[[0;32m  OK  [0m] Started Set console font and keymap.
[[0;32m  OK  [0m] Created slice system-getty.slice.
[[0;32m  OK  [0m] Started LSB: AppArmor initialization.
[   15.762771] cloud-init[479]: Cloud-init v. 18.3-9-g2e62cb8a-0ubuntu1~16.04.2 running 'init-local' at Sat, 08 Sep 2018 13:44:40 +0000. Up 14.93 seconds.
[[0;32m  OK  [0m] Started Initial cloud-init job (pre-networking).
[[0;32m  OK  [0m] Reached target Network (Pre).
         Starting Raise network interfaces...
[[0;32m  OK  [0m] Started Raise network interfaces.
         Starting Initial cloud-init job (metadata service crawler)...
[[0;32m  OK  [0m] Reached target Network.
[   19.674043] cloud-init[927]: Cloud-init v. 18.3-9-g2e62cb8a-0ubuntu1~16.04.2 running 'init' at Sat, 08 Sep 2018 13:44:42 +0000. Up 16.84 seconds.
[   19.751464] cloud-init[927]: ci-info: ++++++++++++++++++++++++++++++++++++++Net device info++++++++++++++++++++++++++++++++++++++
[[0;32m  OK  [0m] Started Initial cloud-init job (metadata service crawler).
[   19.806446] [cloud-init[0;32m  OK  [0m[927]: ] ci-info: +--------+------+----------------------------+---------------+--------+-------------------+Reached target Cloud-config availability.

[   19.831825] [[0;32m  OK  [0m] Reached target System Initialization.
[[0;32m  OK  [0m] Listening on ACPID Listen Socket.
cloud-init[927]: ci-info: | Device |  Up  |          Address           |      Mask     | Scope  |     Hw-Address    |
[   19.836398] cloud-init[927]: ci-info: +--------+------+----------------------------+---------------+--------+-------------------+
[   19.839209] cloud-init[927]: ci-info: | enp0s3 | True |         10.0.2.15          | 255.255.255.0 | global | 02:1d:76:b3:3c:fe |
[   19.841712] cloud-init[927]: ci-info: | enp0s3 | True | fe80::1d:76ff:feb3:3cfe/64 |       .       |  link  | 02:1d:76:b3:3c:fe |
[   19.844299] cloud-init[927]: ci-info: |   lo   | True |         127.0.0.1          |   255.0.0.0   |  host  |         .         |
[   19.848320] cloud-init[927]: ci-info: |   lo   | True |          ::1/128           |       .       |  host  |         .         |
[   19.850880] cloud-init[927]: ci-info: +--------+------+----------------------------+---------------+--------+-------------------+
[   19.853734] cloud-init[927]: ci-info: +++++++++++++++++++++++++++Route IPv4 info++++++++++++++++++++++++++++
[   19.857379] cloud-init[927]: ci-info: +-------+-------------+----------+---------------+-----------+-------+
[   19.863792] cloud-init[927]: ci-info: | Route | Destination | Gateway  |    Genmask    | Interface | Flags |
[   19.866099] cloud-init[927]: ci-info: +-------+-------------+----------+---------------+-----------+-------+
[   19.868505] [[0;32m  OK  [0m] Started ACPI Events Check.
[[0;32m  OK  [0m] Reached target Paths.
         Starting Socket activation for snappy daemon.
[[0;32m  OK  [0m] Started Daily apt download activities.
[[0;32m  OK  [0m] Started Daily apt upgrade and clean activities.
[[0;32m  OK  [0m] Listening on D-Bus System Message Bus Socket.
[[0;32m  OK  [0m] Started Daily Cleanup of Temporary Directories.
[[0;32m  OK  [0m] Listening on UUID daemon activation socket.
cloud-init[927]: ci-info: |   0   |   0.0.0.0   | 10.0.2.2 |    0.0.0.0    |   enp0s3  |   UG  |
[   19.876412] cloud-init[927]: ci-info: |   1   |   10.0.2.0  | 0.0.0.0  | 255.255.255.0 |   enp0s3  |   U   |
[   19.878733] cloud-init[927]: ci-info: +-------+-------------+----------+---------------+-----------+-------+
[   19.881139] cloud-init[927]: ci-info: +++++++++++++++++++Route IPv6 info+++++++++++++++++++         Starting LXD - unix socket.
[[0;32m  OK  [0m] Reached target Timers.
[[0;32m  OK  [0m] Reached target Network is Online.

[   19.884815] cloud-init[927]: ci-info: +-------+-------------+---------+-----------+-------+
[   19.886887] cloud-init[927]: ci-info: | Route | Destination | Gateway | Interface | Flags |
[   19.889015] cloud-init[927]: ci-info: +-------+-------------+---------+-----------+-------+
[   19.891006] cloud-init[927]: ci-info: |   0   |  fe80::/64  |    ::   |   enp0s3  |   U   |
[   19.893101] cloud-init[927]: ci-info: |   3   |   ff00::/8  |    ::   |   enp0s3  |   U   |
[   19.898907]          Starting iSCSI initiator daemon (iscsid)...
cloud-init[927]: ci-info: +-------+-------------+---------+-----------+-------+
[[0;32m  OK  [0m] Listening on Socket activation for snappy daemon.
[[0;32m  OK  [0m] Listening on LXD - unix socket.
[   19.926205] cloud-init[927]: Generating public/private rsa key pair.
[   19.933917] [[0;32m  OK  [0m] Reached target Sockets.
[[0;32m  OK  [0m] Reached target Basic System.
cloud-init[927]: Your identification has been saved in /etc/ssh/ssh_host_rsa_key.
[   19.937044] cloud-init[927]: Your public key has been saved in /etc/ssh/ssh_host_rsa_key.pub.
[   19.941338] cloud-init[927]: The key fingerprint is:
[   19.942860] cloud-init[927]: SHA256:Mk2XZ+jglss+nIadjlR/DetROlfBEE97BuKUIGyvOmQ root@ubuntu-xenial
[   19.944931] cloud-init[927]: The key's randomart image is:
[   19.946636] cloud-init[927]: +---[RSA 2048]----+
[   19.948390] cloud-init[927]: |       .. ..o+o. |
[   19.950029] cloud-init[927]: |        o. =..=..|
[   19.951581] cloud-init[927]: |       .o.+ +  =o|
[   19.953202] cloud-init[927]: |       + =.o   .o|
[   19.955187] cloud-init[927]: |      o S.. . . .|
[   19.956784] cloud-init[927]: |      E*.o   * . |
[   19.958561] cloud-init[927]: |     o.=oo. * o  |
[   19.960338] cloud-init[927]: |     .+oB  o +   |
[   19.961009] cloud-init[927]: |      .+o.  .    |
[   19.961076] cloud-init[927]: +----[SHA256]-----+
[   19.961120] cloud-init[927]: Generating public/private dsa key pair.
[   19.961169] cloud-init[927]: Your identification has been saved in /etc/ssh/ssh_host_dsa_key.
[   19.961211] cloud-init[927]: Your public key has been saved in /etc/ssh/ssh_host_dsa_key.pub.
[   19.961253] cloud-init[927]: The key fingerprint is:
[   19.961296] cloud-init[927]: SHA256:ieAJQg2YnAwoUIP+QNn/3JpNhIWYB9nfe5YUICxUiE4 root@ubuntu-xenial
[   19.961337] cloud-init[927]: The key's randomart image is:
[   19.961381] cloud-init[927]: +---[DSA 1024]----+
[   19.961420] cloud-init[927]: [[0;32m  OK  [0m] Started Regular background program processing daemon.
|X*O  .O.=o ..    |
[   19.981824] [[0;32m  OK  [0m] Started Deferred execution scheduler.
cloud-init[927]: |B* + E * o.  .   |
[   19.993257] cloud-init[927]: |= . = . = .   .  |
[   19.994849] cloud-init[927]: | + o = o + . .   |
[   19.996473] cloud-init[927]: |  o o + S   o .  |
[   19.998184] cloud-init[927]: |   .   o o . +   |
[   19.999877] cloud-init[927]: |        =   o    |
[   20.001378] cloud-init[927]: |       o .       |
[   20.002858] cloud-init[927]: |                 |
[   20.004454] cloud-init[927]: +----[SHA256]-----+
[   20.006281] cloud-init[927]: Generating public/private ecdsa key pair.
[   20.008143] cloud-init[927]: Your identification has been saved in /etc/ssh/ssh_host_ecdsa_key.
[   20.011105] cloud-init[927]: Your public key has been saved in /etc/ssh/ssh_host_ecdsa_key.pub.
[   20.013248] cloud-init[927]: The key fingerprint is:
[   20.020416] cloud-init[927]: SHA256:+ufggOrTfwpIZzMca5iYQR7wshwANMDnhrQCsWFsFN4 root@ubuntu-xenial
[   20.032434] cloud-init[927]: The key's randomart image is:
[   20.034105] cloud-init[927]: +---[ECDSA 256]---+
[   20.035701] cloud-init[927]: |/X.              |
[   20.037400] cloud-init[927]: |BO+.             |
[   20.039071] cloud-init[927]: |B+*E.            |
[   20.040733] cloud-init[927]: |oO.* o           |
[   20.045402] cloud-init[927]: |=.= O   S        |
[   20.046870] cloud-init[927]: | . = + .         |
[   20.048415] cloud-init[927]: |  ..o o .        |
[   20.049951] cloud-init[927]: |  .... +...      |
[   20.051463] cloud-init[927]: | .o. .oooo.      |
[   20.059138] cloud-init[927]: +----[SHA256]-----+
[   20.060807] cloud-init[927]: Generating public/private ed25519 key pair.
[   20.062530] cloud-init[927]: Your identification has been saved in /etc/ssh/ssh_host_ed25519_key.
[   20.064646] cloud-init[927]: Your public key has been saved in /etc/ssh/ssh_host_ed25519_key.pub.
[   20.066849] cloud-init[927]: The key fingerprint is:
[   20.068803] cloud-init[927]: SHA256:UxUnVxFRlyyjLrEWrzd2HYv9amiaXvaaZavIUDpySVQ root@ubuntu-xenial
[   20.070933] cloud-init[927]: The key's randomart image is:
[   20.072776] cloud-init[927]: +--[ED25519 256]--+
[   20.074367] cloud-init[927]: |          E +.+=X|
[   20.075837] cloud-init[927]: |         . . * o.|
[   20.089120] cloud-init[927]: |        . . . o  |
[   20.091403] cloud-init[927]: |       . + .     |
[   20.094026] cloud-init[927]: |        S B      |
[   20.110483] [[0;32m  OK  [0m] Started ACPI event daemon.
[[0;32m  OK  [0m] Started Unattended Upgrades Shutdown.
cloud-init[927]: |       . O o   . |         Starting Virtualbox guest utils...

[   20.115189]          cloud-initStarting LXD - container startup/shutdown...[927]: 
|      . B o o.* o|
         Starting LSB: Record successful boot for GRUB...
[   20.119976] cloud-init[927]: [[0;32m  OK  [0m] Started D-Bus System Message Bus.
|       o = OoB.= |
[   20.138330] cloud-init[927]: |         .Oo*++.o|
[   20.144735] cloud-init[927]: +----[SHA256]-----+
         Starting Pollinate to seed the pseudo random number generator...
[[0;32m  OK  [0m] Started FUSE filesystem for LXC.
         Starting /etc/rc.local Compatibility...
         Starting Snappy daemon...
         Starting Login Service...
         Starting Accounts Service...
         Starting LSB: MD monitoring daemon...
         Starting System Logging Service...
[[0;32m  OK  [0m] Started /etc/rc.local Compatibility.
[[0;32m  OK  [0m] Started Login Service.
[[0;32m  OK  [0m] Started iSCSI initiator daemon (iscsid).
         Starting Login to default iSCSI targets...
[[0;32m  OK  [0m] Started LSB: Record successful boot for GRUB.
[[0;32m  OK  [0m] Started LSB: MD monitoring daemon.
[[0;32m  OK  [0m] Started Login to default iSCSI targets.
[[0;32m  OK  [0m] Reached target Remote File Systems (Pre).
[[0;32m  OK  [0m] Reached target Remote File Systems.
         Starting Permit User Sessions...
         Starting LSB: automatic crash report generation...
         Starting LSB: daemon to balance interrupts for SMP systems...
         Starting LSB: Set the CPU Frequency Scaling governor to "ondemand"...
[[0;32m  OK  [0m] Started LSB: Set the CPU Frequency Scaling governor to "ondemand".
[[0;32m  OK  [0m] Started Permit User Sessions.
         Starting Hold until boot process finishes up...
         Starting Terminate Plymouth Boot Screen...
[[0;32m  OK  [0m] Started Hold until boot process finishes up.
[[0;32m  OK  [0m] Started Terminate Plymouth Boot Screen.
[[0;32m  OK  [0m] Started Getty on tty1.
[[0;32m  OK  [0m] Started Serial Getty on ttyS0.
[[0;32m  OK  [0m] Reached target Login Prompts.
         Starting Set console scheme...
[[0;32m  OK  [0m] Started LSB: automatic crash report generation.
[[0;32m  OK  [0m] Started Set console scheme.
[[0;32m  OK  [0m] Started LSB: daemon to balance interrupts for SMP systems.
[[0;32m  OK  [0m] Started Virtualbox guest utils.
[[0;32m  OK  [0m] Started System Logging Service.
         Starting Authenticate and Authorize Users to Run Privileged Tasks...
[[0;32m  OK  [0m] Started Authenticate and Authorize Users to Run Privileged Tasks.
[[0;32m  OK  [0m] Started Accounts Service.
[[0;32m  OK  [0m] Started LXD - container startup/shutdown.
[[0;32m  OK  [0m] Started Snappy daemon.
         Starting Wait until snapd is fully seeded...
[[0;32m  OK  [0m] Started Pollinate to seed the pseudo random number generator.
         Starting OpenBSD Secure Shell server...
[[0;32m  OK  [0m] Started OpenBSD Secure Shell server.

Ubuntu 16.04.5 LTS ubuntu-xenial ttyS0

ubuntu-xenial login: [   32.126960] cloud-init[1250]: Generating locales (this might take a while)...
[   33.530605] cloud-init[1250]:   en_US.UTF-8... done
[   33.531644] cloud-init[1250]: Generation complete.
[   35.650555] cloud-init[1250]: Cloud-init v. 18.3-9-g2e62cb8a-0ubuntu1~16.04.2 running 'modules:config' at Sat, 08 Sep 2018 13:44:57 +0000. Up 31.82 seconds.
ci-info: no authorized ssh keys fingerprints found for user ubuntu.
<14>Sep  8 13:45:01 ec2: 
<14>Sep  8 13:45:01 ec2: #############################################################
<14>Sep  8 13:45:01 ec2: -----BEGIN SSH HOST KEY FINGERPRINTS-----
<14>Sep  8 13:45:01 ec2: 1024 SHA256:ieAJQg2YnAwoUIP+QNn/3JpNhIWYB9nfe5YUICxUiE4 root@ubuntu-xenial (DSA)
<14>Sep  8 13:45:01 ec2: 256 SHA256:+ufggOrTfwpIZzMca5iYQR7wshwANMDnhrQCsWFsFN4 root@ubuntu-xenial (ECDSA)
<14>Sep  8 13:45:01 ec2: 256 SHA256:UxUnVxFRlyyjLrEWrzd2HYv9amiaXvaaZavIUDpySVQ root@ubuntu-xenial (ED25519)
<14>Sep  8 13:45:01 ec2: 2048 SHA256:Mk2XZ+jglss+nIadjlR/DetROlfBEE97BuKUIGyvOmQ root@ubuntu-xenial (RSA)
<14>Sep  8 13:45:01 ec2: -----END SSH HOST KEY FINGERPRINTS-----
<14>Sep  8 13:45:01 ec2: #############################################################
-----BEGIN SSH HOST KEY KEYS-----
ecdsa-sha2-nistp256 AAAAE2VjZHNhLXNoYTItbmlzdHAyNTYAAAAIbmlzdHAyNTYAAABBBBleoMPKgn8ABExvS0euGLDrhkE1ja5eDCXoUa86k8YLAyy70gGn+av9iQJOhXb3DxP7HAQV2JgGN0IdY0G91dE= root@ubuntu-xenial
ssh-ed25519 AAAAC3NzaC1lZDI1NTE5AAAAILYlTJSH0NYiJZuv+fo4/9V/bGrmvBIBHXn+ZP5crBRA root@ubuntu-xenial
ssh-rsa AAAAB3NzaC1yc2EAAAADAQABAAABAQD3wPJ38IpfnwANCUfpJUR3/l0Yknht9dPJVBTyN09Sg2atWd4Ea9doIc7H1TjLefJ0jYtsmSsu32zzZjW8hpFMX5FdKC4A/mbli6OBZ3NM6hRNv+8dGeQBCp4zsliTzsuxFopKFWIrTm7lNGPezOaQJcguhI9C4xfM/xXlGYsMS2wVXQRm5N23s2BemadptkktfLCvFV0e5s3356qB423RU2H8a8i+Z/UaHf6PR0yUH6XwAhZMHm/9z+iwyWFHkxmqrQcY7g7Bazi3xVRZe5iFQfn+5KEf7oBaJe1GK38ASItfl/gtLqg4rvA4KrHMwB9cmHpwr41WTZf1yoYkMpP5 root@ubuntu-xenial
-----END SSH HOST KEY KEYS-----
[   36.380490] cloud-init[1292]: Cloud-init v. 18.3-9-g2e62cb8a-0ubuntu1~16.04.2 running 'modules:final' at Sat, 08 Sep 2018 13:45:01 +0000. Up 36.07 seconds.
[   36.380808] cloud-init[1292]: ci-info: no authorized ssh keys fingerprints found for user ubuntu.
[   36.380980] cloud-init[1292]: Cloud-init v. 18.3-9-g2e62cb8a-0ubuntu1~16.04.2 finished at Sat, 08 Sep 2018 13:45:01 +0000. Datasource DataSourceNoCloud [seed=/dev/sdb][dsmode=net].  Up 36.35 seconds
